A51 MACRO ASSEMBLER  22B3954_1                                                            02/10/2024 04:25:02 PAGE     1


MACRO ASSEMBLER A51 V8.2.7.0
OBJECT MODULE PLACED IN .\Objects\22b3954_1.obj
ASSEMBLER INVOKED BY: C:\KEIL\C51\BIN\A51.EXE 22b3954_1.a51 SET(SMALL) DEBUG PRINT(.\Listings\22b3954_1.lst) OBJECT(.\Ob
                      jects\22b3954_1.obj) EP

LOC  OBJ            LINE     SOURCE

                       1     
0000                   2     ORG 0H
0000 020100            3     LJMP MAIN
0100                   4     ORG 100H
0100                   5     MAIN:
0100 3130              6     call square_wave
0102 80FE              7     HERE: SJMP HERE
0130                   8     ORG 130H
                       9     
                      10     
                      11     
0130                  12     square_wave:
0130 759000           13     MOV P1, #00H
0133 313C             14     CALL DELAY_2ms
0135 759001           15     MOV P1, #01H
0138 313C             16     call delay_2ms
013A 80F4             17     jmp square_wave
                      18     
013C                  19     delay_2ms:
013C C000             20             push 00h
013E 7808             21             mov r0, #8
0140 3147             22             h2: acall delay_250us
0142 D8FC             23             djnz r0, h2
0144 D000             24             pop 00h
0146 22               25     ret
                      26     
0147                  27     delay_250us:
0147 C000             28             push 00h
0149 78F4             29             mov r0, #244
                      30             
014B D8FE             31             h1: djnz r0, h1
014D D000             32             pop 00h
014F 22               33     ret
                      34     
                      35     END
A51 MACRO ASSEMBLER  22B3954_1                                                            02/10/2024 04:25:02 PAGE     2

SYMBOL TABLE LISTING
------ ----- -------


N A M E             T Y P E  V A L U E   ATTRIBUTES

DELAY_250US. . . .  C ADDR   0147H   A   
DELAY_2MS. . . . .  C ADDR   013CH   A   
H1 . . . . . . . .  C ADDR   014BH   A   
H2 . . . . . . . .  C ADDR   0140H   A   
HERE . . . . . . .  C ADDR   0102H   A   
MAIN . . . . . . .  C ADDR   0100H   A   
P1 . . . . . . . .  D ADDR   0090H   A   
SQUARE_WAVE. . . .  C ADDR   0130H   A   


REGISTER BANK(S) USED: 0 


ASSEMBLY COMPLETE.  0 WARNING(S), 0 ERROR(S)
